Archive member included because of file (symbol)

c:/yotta/gcc/bin/../lib/gcc/arm-none-eabi/4.9.3/../../../../arm-none-eabi/lib/armv7e-m\libg_nano.a(lib_a-memcpy.o)
                              build/kitronik_arcade_m4_J/flash_samd51.o (memcpy)
c:/yotta/gcc/bin/../lib/gcc/arm-none-eabi/4.9.3/../../../../arm-none-eabi/lib/armv7e-m\libg_nano.a(lib_a-memset.o)
                              build/kitronik_arcade_m4_J/screen.o (memset)

Allocating common symbols
Common symbol       size              file

b_sharp_received    0x1               build/kitronik_arcade_m4_J/usart_sam_ba.o
block_erased        0x40              build/kitronik_arcade_m4_J/flash_samd51.o
timerHigh           0x4               build/kitronik_arcade_m4_J/utils.o
idx_rx_write        0x1               build/kitronik_arcade_m4_J/usart_sam_ba.o
size_of_data        0x2               build/kitronik_arcade_m4_J/usart_sam_ba.o
fb                  0x5400            build/kitronik_arcade_m4_J/screen.o
resetHorizon        0x4               build/kitronik_arcade_m4_J/utils.o
idx_tx_read         0x1               build/kitronik_arcade_m4_J/usart_sam_ba.o
buffer_tx_usart     0x80              build/kitronik_arcade_m4_J/usart_sam_ba.o
error_timeout       0x1               build/kitronik_arcade_m4_J/usart_sam_ba.o
mode_of_transfer    0x1               build/kitronik_arcade_m4_J/usart_sam_ba.o
idx_rx_read         0x1               build/kitronik_arcade_m4_J/usart_sam_ba.o
pageBuf             0x100             build/kitronik_arcade_m4_J/selfmain.o
idx_tx_write        0x1               build/kitronik_arcade_m4_J/usart_sam_ba.o
row_same            0x800             build/kitronik_arcade_m4_J/flash_samd51.o
buffer_rx_usart     0x80              build/kitronik_arcade_m4_J/usart_sam_ba.o

Discarded input sections

 .text          0x00000000        0x0 build/kitronik_arcade_m4_J/flash_samd51.o
 .data          0x00000000        0x0 build/kitronik_arcade_m4_J/flash_samd51.o
 .bss           0x00000000        0x0 build/kitronik_arcade_m4_J/flash_samd51.o
 .text.flash_erase_block
                0x00000000       0x20 build/kitronik_arcade_m4_J/flash_samd51.o
 .text.flash_erase_to_end
                0x00000000       0x34 build/kitronik_arcade_m4_J/flash_samd51.o
 .text.copy_words
                0x00000000       0x18 build/kitronik_arcade_m4_J/flash_samd51.o
 .text          0x00000000        0x0 build/kitronik_arcade_m4_J/init_samd51.o
 .data          0x00000000        0x0 build/kitronik_arcade_m4_J/init_samd51.o
 .bss           0x00000000        0x0 build/kitronik_arcade_m4_J/init_samd51.o
 .text          0x00000000        0x0 build/kitronik_arcade_m4_J/startup_samd51.o
 .data          0x00000000        0x0 build/kitronik_arcade_m4_J/startup_samd51.o
 .bss           0x00000000        0x0 build/kitronik_arcade_m4_J/startup_samd51.o
 .text          0x00000000        0x0 build/kitronik_arcade_m4_J/usart_sam_ba.o
 .data          0x00000000        0x0 build/kitronik_arcade_m4_J/usart_sam_ba.o
 .bss           0x00000000        0x0 build/kitronik_arcade_m4_J/usart_sam_ba.o
 .text.usart_open
                0x00000000       0xb8 build/kitronik_arcade_m4_J/usart_sam_ba.o
 .text.usart_close
                0x00000000        0xc build/kitronik_arcade_m4_J/usart_sam_ba.o
 .text.usart_putc
                0x00000000       0x14 build/kitronik_arcade_m4_J/usart_sam_ba.o
 .text.usart_getc
                0x00000000       0x18 build/kitronik_arcade_m4_J/usart_sam_ba.o
 .text.usart_sharp_received
                0x00000000       0x2c build/kitronik_arcade_m4_J/usart_sam_ba.o
 .text.usart_is_rx_ready
                0x00000000       0x10 build/kitronik_arcade_m4_J/usart_sam_ba.o
 .text.usart_readc
                0x00000000       0x20 build/kitronik_arcade_m4_J/usart_sam_ba.o
 .text.usart_putdata
                0x00000000       0x20 build/kitronik_arcade_m4_J/usart_sam_ba.o
 .text.usart_getdata
                0x00000000       0x1c build/kitronik_arcade_m4_J/usart_sam_ba.o
 .text.getbytes
                0x00000000       0x84 build/kitronik_arcade_m4_J/usart_sam_ba.o
 .text.getPacket
                0x00000000       0x9c build/kitronik_arcade_m4_J/usart_sam_ba.o
 .text.usart_putdata_xmd
                0x00000000      0x154 build/kitronik_arcade_m4_J/usart_sam_ba.o
 .text.usart_getdata_xmd
                0x00000000       0xd0 build/kitronik_arcade_m4_J/usart_sam_ba.o
 COMMON         0x00000000      0x10c build/kitronik_arcade_m4_J/usart_sam_ba.o
 .text          0x00000000        0x0 build/kitronik_arcade_m4_J/screen.o
 .data          0x00000000        0x0 build/kitronik_arcade_m4_J/screen.o
 .bss           0x00000000        0x0 build/kitronik_arcade_m4_J/screen.o
 .text.pin_set  0x00000000       0x44 build/kitronik_arcade_m4_J/screen.o
 .text.transfer
                0x00000000       0xc8 build/kitronik_arcade_m4_J/screen.o
 .text.sendCmd  0x00000000       0x58 build/kitronik_arcade_m4_J/screen.o
 .text.printicon
                0x00000000       0xc4 build/kitronik_arcade_m4_J/screen.o
 .text.print    0x00000000       0x94 build/kitronik_arcade_m4_J/screen.o
 .text.print4   0x00000000       0x7c build/kitronik_arcade_m4_J/screen.o
 .text.draw_screen
                0x00000000       0x84 build/kitronik_arcade_m4_J/screen.o
 .text.drawBar  0x00000000       0x28 build/kitronik_arcade_m4_J/screen.o
 .text.draw_hf2
                0x00000000       0x2c build/kitronik_arcade_m4_J/screen.o
 .text.draw_drag
                0x00000000      0x118 build/kitronik_arcade_m4_J/screen.o
 .text.screen_init
                0x00000000      0x1bc build/kitronik_arcade_m4_J/screen.o
 .rodata.palette
                0x00000000       0x20 build/kitronik_arcade_m4_J/screen.o
 .rodata.initCmds
                0x00000000       0x25 build/kitronik_arcade_m4_J/screen.o
 .bss.palXOR    0x00000000        0x4 build/kitronik_arcade_m4_J/screen.o
 .rodata.str1.4
                0x00000000       0x80 build/kitronik_arcade_m4_J/screen.o
 .bss.cmdBuf    0x00000000       0x14 build/kitronik_arcade_m4_J/screen.o
 COMMON         0x00000000     0x5400 build/kitronik_arcade_m4_J/screen.o
 .text          0x00000000        0x0 build/kitronik_arcade_m4_J/images.o
 .data          0x00000000        0x0 build/kitronik_arcade_m4_J/images.o
 .bss           0x00000000        0x0 build/kitronik_arcade_m4_J/images.o
 .rodata.KitronikLogo
                0x00000000       0x4b build/kitronik_arcade_m4_J/images.o
 .rodata.pendriveLogo
                0x00000000       0x3e build/kitronik_arcade_m4_J/images.o
 .rodata.LargeOne
                0x00000000        0xd build/kitronik_arcade_m4_J/images.o
 .rodata.arrowLogo
                0x00000000       0x39 build/kitronik_arcade_m4_J/images.o
 .rodata.fileLogo
                0x00000000       0x4a build/kitronik_arcade_m4_J/images.o
 .rodata.LargeFive
                0x00000000       0x16 build/kitronik_arcade_m4_J/images.o
 .rodata.LargeD
                0x00000000       0x13 build/kitronik_arcade_m4_J/images.o
 .rodata.font8  0x00000000      0x300 build/kitronik_arcade_m4_J/images.o
 .debug_info    0x00000000      0x1b2 build/kitronik_arcade_m4_J/images.o
 .debug_abbrev  0x00000000       0x66 build/kitronik_arcade_m4_J/images.o
 .debug_aranges
                0x00000000       0x18 build/kitronik_arcade_m4_J/images.o
 .debug_line    0x00000000       0xa0 build/kitronik_arcade_m4_J/images.o
 .debug_str     0x00000000      0x1f3 build/kitronik_arcade_m4_J/images.o
 .comment       0x00000000       0x71 build/kitronik_arcade_m4_J/images.o
 .ARM.attributes
                0x00000000       0x33 build/kitronik_arcade_m4_J/images.o
 .text          0x00000000        0x0 build/kitronik_arcade_m4_J/utils.o
 .data          0x00000000        0x0 build/kitronik_arcade_m4_J/utils.o
 .bss           0x00000000        0x0 build/kitronik_arcade_m4_J/utils.o
 .text.writeNum
                0x00000000       0x40 build/kitronik_arcade_m4_J/utils.o
 .text.led_signal
                0x00000000       0x28 build/kitronik_arcade_m4_J/utils.o
 .text.write_apa_byte
                0x00000000       0x30 build/kitronik_arcade_m4_J/utils.o
 .text.timerTick
                0x00000000       0x3c build/kitronik_arcade_m4_J/utils.o
 .bss.timerLow  0x00000000        0x4 build/kitronik_arcade_m4_J/utils.o
 COMMON         0x00000000        0x8 build/kitronik_arcade_m4_J/utils.o
 .text          0x00000000        0x0 build/kitronik_arcade_m4_J/selfmain.o
 .data          0x00000000        0x0 build/kitronik_arcade_m4_J/selfmain.o
 .bss           0x00000000        0x0 build/kitronik_arcade_m4_J/selfmain.o
 .text          0x00000000        0x0 build/kitronik_arcade_m4_J/selfdata.o
 .data          0x00000000        0x0 build/kitronik_arcade_m4_J/selfdata.o
 .bss           0x00000000        0x0 build/kitronik_arcade_m4_J/selfdata.o
 .text          0x00000000        0x0 c:/yotta/gcc/bin/../lib/gcc/arm-none-eabi/4.9.3/../../../../arm-none-eabi/lib/armv7e-m\libg_nano.a(lib_a-memcpy.o)
 .data          0x00000000        0x0 c:/yotta/gcc/bin/../lib/gcc/arm-none-eabi/4.9.3/../../../../arm-none-eabi/lib/armv7e-m\libg_nano.a(lib_a-memcpy.o)
 .bss           0x00000000        0x0 c:/yotta/gcc/bin/../lib/gcc/arm-none-eabi/4.9.3/../../../../arm-none-eabi/lib/armv7e-m\libg_nano.a(lib_a-memcpy.o)
 .text          0x00000000        0x0 c:/yotta/gcc/bin/../lib/gcc/arm-none-eabi/4.9.3/../../../../arm-none-eabi/lib/armv7e-m\libg_nano.a(lib_a-memset.o)
 .data          0x00000000        0x0 c:/yotta/gcc/bin/../lib/gcc/arm-none-eabi/4.9.3/../../../../arm-none-eabi/lib/armv7e-m\libg_nano.a(lib_a-memset.o)
 .bss           0x00000000        0x0 c:/yotta/gcc/bin/../lib/gcc/arm-none-eabi/4.9.3/../../../../arm-none-eabi/lib/armv7e-m\libg_nano.a(lib_a-memset.o)
 .text.memset   0x00000000       0x10 c:/yotta/gcc/bin/../lib/gcc/arm-none-eabi/4.9.3/../../../../arm-none-eabi/lib/armv7e-m\libg_nano.a(lib_a-memset.o)
 .debug_frame   0x00000000       0x20 c:/yotta/gcc/bin/../lib/gcc/arm-none-eabi/4.9.3/../../../../arm-none-eabi/lib/armv7e-m\libg_nano.a(lib_a-memset.o)
 .ARM.attributes
                0x00000000       0x2e c:/yotta/gcc/bin/../lib/gcc/arm-none-eabi/4.9.3/../../../../arm-none-eabi/lib/armv7e-m\libg_nano.a(lib_a-memset.o)

Memory Configuration

Name             Origin             Length             Attributes
rom              0x00004000         0x0007c000         xr
ram              0x20000000         0x00030000         xrw
bkupram          0x47000000         0x00002000         xrw
qspi             0x04000000         0x01000000         xrw
*default*        0x00000000         0xffffffff

Linker script and memory map

LOAD build/kitronik_arcade_m4_J/flash_samd51.o
LOAD build/kitronik_arcade_m4_J/init_samd51.o
LOAD build/kitronik_arcade_m4_J/startup_samd51.o
LOAD build/kitronik_arcade_m4_J/usart_sam_ba.o
LOAD build/kitronik_arcade_m4_J/screen.o
LOAD build/kitronik_arcade_m4_J/images.o
LOAD build/kitronik_arcade_m4_J/utils.o
LOAD build/kitronik_arcade_m4_J/selfmain.o
LOAD build/kitronik_arcade_m4_J/selfdata.o
START GROUP
LOAD c:/yotta/gcc/bin/../lib/gcc/arm-none-eabi/4.9.3/armv7e-m\libgcc.a
LOAD c:/yotta/gcc/bin/../lib/gcc/arm-none-eabi/4.9.3/../../../../arm-none-eabi/lib/armv7e-m\libg_nano.a
LOAD c:/yotta/gcc/bin/../lib/gcc/arm-none-eabi/4.9.3/../../../../arm-none-eabi/lib/armv7e-m\libc_nano.a
END GROUP
START GROUP
LOAD c:/yotta/gcc/bin/../lib/gcc/arm-none-eabi/4.9.3/armv7e-m\libgcc.a
LOAD c:/yotta/gcc/bin/../lib/gcc/arm-none-eabi/4.9.3/../../../../arm-none-eabi/lib/armv7e-m\libc_nano.a
LOAD c:/yotta/gcc/bin/../lib/gcc/arm-none-eabi/4.9.3/../../../../arm-none-eabi/lib/armv7e-m\libnosys.a
END GROUP
START GROUP
LOAD c:/yotta/gcc/bin/../lib/gcc/arm-none-eabi/4.9.3/armv7e-m\libgcc.a
LOAD c:/yotta/gcc/bin/../lib/gcc/arm-none-eabi/4.9.3/../../../../arm-none-eabi/lib/armv7e-m\libc_nano.a
LOAD c:/yotta/gcc/bin/../lib/gcc/arm-none-eabi/4.9.3/../../../../arm-none-eabi/lib/armv7e-m\libnosys.a
END GROUP
                0x0000c000                STACK_SIZE = DEFINED (STACK_SIZE)?STACK_SIZE:DEFINED (__stack_size__)?__stack_size__:0xc000

.text           0x00004000     0x4aa4
                0x00004000                . = ALIGN (0x4)
                0x00004000                _sfixed = .
 *(.vectors .vectors.*)
 .vectors       0x00004000      0x264 build/kitronik_arcade_m4_J/startup_samd51.o
                0x00004000                exception_table
 *(.text .text.* .gnu.linkonce.t.*)
 .text.flash_write_words
                0x00004264       0x70 build/kitronik_arcade_m4_J/flash_samd51.o
                0x00004264                flash_write_words
 .text.flash_write_row
                0x000042d4      0x14c build/kitronik_arcade_m4_J/flash_samd51.o
                0x000042d4                flash_write_row
 .text.system_init
                0x00004420       0xf4 build/kitronik_arcade_m4_J/init_samd51.o
                0x00004420                system_init
 .text.SysTick_Handler
                0x00004514        0x4 build/kitronik_arcade_m4_J/init_samd51.o
                0x00004514                SysTick_Handler
 .text.Dummy_Handler
                0x00004518        0x4 build/kitronik_arcade_m4_J/startup_samd51.o
                0x00004518                EIC_5_Handler
                0x00004518                SERCOM0_2_Handler
                0x00004518                DebugMon_Handler
                0x00004518                EIC_13_Handler
                0x00004518                EVSYS_0_Handler
                0x00004518                TCC1_3_Handler
                0x00004518                DAC_3_Handler
                0x00004518                TRNG_Handler
                0x00004518                HardFault_Handler
                0x00004518                TC2_Handler
                0x00004518                PDEC_2_Handler
                0x00004518                EIC_4_Handler
                0x00004518                AC_Handler
                0x00004518                SERCOM3_1_Handler
                0x00004518                TCC2_3_Handler
                0x00004518                SERCOM3_2_Handler
                0x00004518                PendSV_Handler
                0x00004518                NMI_Handler
                0x00004518                ADC1_1_Handler
                0x00004518                EVSYS_3_Handler
                0x00004518                PDEC_0_Handler
                0x00004518                QSPI_Handler
                0x00004518                TCC0_0_Handler
                0x00004518                EIC_3_Handler
                0x00004518                TAL_0_Handler
                0x00004518                DAC_2_Handler
                0x00004518                SERCOM0_0_Handler
                0x00004518                RTC_Handler
                0x00004518                UsageFault_Handler
                0x00004518                SERCOM4_0_Handler
                0x00004518                EIC_10_Handler
                0x00004518                SERCOM0_3_Handler
                0x00004518                EIC_11_Handler
                0x00004518                EIC_9_Handler
                0x00004518                OSC32KCTRL_Handler
                0x00004518                TCC2_1_Handler
                0x00004518                SUPC_1_Handler
                0x00004518                TCC0_5_Handler
                0x00004518                TCC0_6_Handler
                0x00004518                EVSYS_1_Handler
                0x00004518                TCC1_4_Handler
                0x00004518                DMAC_0_Handler
                0x00004518                WDT_Handler
                0x00004518                EIC_8_Handler
                0x00004518                EIC_15_Handler
                0x00004518                SERCOM5_0_Handler
                0x00004518                TC4_Handler
                0x00004518                TC1_Handler
                0x00004518                OSCCTRL_4_Handler
                0x00004518                SERCOM4_3_Handler
                0x00004518                EIC_12_Handler
                0x00004518                DMAC_4_Handler
                0x00004518                TCC4_2_Handler
                0x00004518                PAC_Handler
                0x00004518                TCC1_0_Handler
                0x00004518                USB_0_Handler
                0x00004518                OSCCTRL_0_Handler
                0x00004518                EIC_0_Handler
                0x00004518                OSCCTRL_3_Handler
                0x00004518                SERCOM4_1_Handler
                0x00004518                TC3_Handler
                0x00004518                Dummy_Handler
                0x00004518                TCC3_0_Handler
                0x00004518                TCC2_2_Handler
                0x00004518                SERCOM5_1_Handler
                0x00004518                TCC1_1_Handler
                0x00004518                DMAC_2_Handler
                0x00004518                ADC0_0_Handler
                0x00004518                SERCOM0_1_Handler
                0x00004518                OSCCTRL_2_Handler
                0x00004518                ADC1_0_Handler
                0x00004518                TCC1_2_Handler
                0x00004518                USB_1_Handler
                0x00004518                PM_Handler
                0x00004518                SERCOM2_3_Handler
                0x00004518                DAC_4_Handler
                0x00004518                TCC3_2_Handler
                0x00004518                TCC0_2_Handler
                0x00004518                DMAC_1_Handler
                0x00004518                TCC4_0_Handler
                0x00004518                USB_3_Handler
                0x00004518                TCC2_0_Handler
                0x00004518                PDEC_1_Handler
                0x00004518                MemManage_Handler
                0x00004518                TCC4_1_Handler
                0x00004518                SERCOM5_3_Handler
                0x00004518                USB_2_Handler
                0x00004518                SVC_Handler
                0x00004518                SDHC0_Handler
                0x00004518                SERCOM1_1_Handler
                0x00004518                I2S_Handler
                0x00004518                EIC_2_Handler
                0x00004518                PCC_Handler
                0x00004518                DAC_0_Handler
                0x00004518                TCC0_1_Handler
                0x00004518                SERCOM1_3_Handler
                0x00004518                EIC_6_Handler
                0x00004518                OSCCTRL_1_Handler
                0x00004518                SERCOM1_0_Handler
                0x00004518                PUKCC_Handler
                0x00004518                SERCOM2_1_Handler
                0x00004518                SERCOM1_2_Handler
                0x00004518                SERCOM3_0_Handler
                0x00004518                EIC_1_Handler
                0x00004518                SERCOM4_2_Handler
                0x00004518                EVSYS_4_Handler
                0x00004518                EIC_7_Handler
                0x00004518                NVMCTRL_1_Handler
                0x00004518                SERCOM5_2_Handler
                0x00004518                ADC0_1_Handler
                0x00004518                SERCOM3_3_Handler
                0x00004518                SERCOM2_2_Handler
                0x00004518                TCC3_1_Handler
                0x00004518                EIC_14_Handler
                0x00004518                DAC_1_Handler
                0x00004518                NVMCTRL_0_Handler
                0x00004518                TAL_1_Handler
                0x00004518                MCLK_Handler
                0x00004518                EVSYS_2_Handler
                0x00004518                SUPC_0_Handler
                0x00004518                BusFault_Handler
                0x00004518                FREQM_Handler
                0x00004518                TC0_Handler
                0x00004518                TCC0_3_Handler
                0x00004518                DMAC_3_Handler
                0x00004518                TCC0_4_Handler
                0x00004518                RAMECC_Handler
                0x00004518                TC5_Handler
                0x00004518                SERCOM2_0_Handler
                0x00004518                ICM_Handler
                0x00004518                AES_Handler
 .text.Reset_Handler
                0x0000451c       0x74 build/kitronik_arcade_m4_J/startup_samd51.o
                0x0000451c                Reset_Handler
 .text.add_crc  0x00004590       0x54 build/kitronik_arcade_m4_J/usart_sam_ba.o
                0x00004590                add_crc
 .text.lookupCfg
                0x000045e4       0x48 build/kitronik_arcade_m4_J/screen.o
                0x000045e4                lookupCfg
 .text.setup_output_pin
                0x0000462c       0x28 build/kitronik_arcade_m4_J/screen.o
                0x0000462c                setup_output_pin
 .text.screen_early_init
                0x00004654        0x8 build/kitronik_arcade_m4_J/screen.o
                0x00004654                screen_early_init
 .text.NVIC_SystemReset
                0x0000465c       0x20 build/kitronik_arcade_m4_J/utils.o
 .text.delay    0x0000467c       0x14 build/kitronik_arcade_m4_J/utils.o
                0x0000467c                delay
 .text.panic    0x00004690        0x4 build/kitronik_arcade_m4_J/utils.o
                0x00004690                panic
 .text.resetIntoBootloader
                0x00004694       0x14 build/kitronik_arcade_m4_J/utils.o
                0x00004694                resetIntoBootloader
 .text.led_tick
                0x000046a8       0x94 build/kitronik_arcade_m4_J/utils.o
                0x000046a8                led_tick
 .text.RGBLED_set_color
                0x0000473c      0x16c build/kitronik_arcade_m4_J/utils.o
                0x0000473c                RGBLED_set_color
 .text.resetIntoApp
                0x000048a8       0x1c build/kitronik_arcade_m4_J/utils.o
                0x000048a8                resetIntoApp
 .text.led_init
                0x000048c4       0x2c build/kitronik_arcade_m4_J/utils.o
                0x000048c4                led_init
 .text.setBootProt
                0x000048f0       0x80 build/kitronik_arcade_m4_J/selfmain.o
                0x000048f0                setBootProt
 .text.startup.main
                0x00004970       0xfc build/kitronik_arcade_m4_J/selfmain.o
                0x00004970                main
 .text.memcpy   0x00004a6c       0x16 c:/yotta/gcc/bin/../lib/gcc/arm-none-eabi/4.9.3/../../../../arm-none-eabi/lib/armv7e-m\libg_nano.a(lib_a-memcpy.o)
                0x00004a6c                memcpy
 *(.glue_7t)
 .glue_7t       0x00000000        0x0 linker stubs
 *(.glue_7)
 .glue_7        0x00000000        0x0 linker stubs
 *(.rodata .rodata* .gnu.linkonce.r.*)
 *fill*         0x00004a82        0x2 
 .rodata.bootloader_crcs
                0x00004a84       0x20 build/kitronik_arcade_m4_J/selfdata.o
                0x00004a84                bootloader_crcs
 .rodata.bootloader
                0x00004aa4     0x4000 build/kitronik_arcade_m4_J/selfdata.o
                0x00004aa4                bootloader
 *(.ARM.extab* .gnu.linkonce.armextab.*)
                0x00008aa4                . = ALIGN (0x4)
 *(.init)
                0x00008aa4                . = ALIGN (0x4)
                0x00008aa4                __preinit_array_start = .
 *(.preinit_array)
                0x00008aa4                __preinit_array_end = .
                0x00008aa4                . = ALIGN (0x4)
                0x00008aa4                __init_array_start = .
 *(SORT(.init_array.*))
 *(.init_array)
                0x00008aa4                __init_array_end = .
                0x00008aa4                . = ALIGN (0x4)
 *crtbegin.o(.ctors)
 *(EXCLUDE_FILE(*crtend.o) .ctors)
 *(SORT(.ctors.*))
 *crtend.o(.ctors)
                0x00008aa4                . = ALIGN (0x4)
 *(.fini)
                0x00008aa4                . = ALIGN (0x4)
                0x00008aa4                __fini_array_start = .
 *(.fini_array)
 *(SORT(.fini_array.*))
                0x00008aa4                __fini_array_end = .
 *crtbegin.o(.dtors)
 *(EXCLUDE_FILE(*crtend.o) .dtors)
 *(SORT(.dtors.*))
 *crtend.o(.dtors)
                0x00008aa4                . = ALIGN (0x4)
                0x00008aa4                _efixed = .
                0x00008aa4                PROVIDE (__exidx_start, .)

.vfp11_veneer   0x00008aa4        0x0
 .vfp11_veneer  0x00000000        0x0 linker stubs

.v4_bx          0x00008aa4        0x0
 .v4_bx         0x00000000        0x0 linker stubs

.iplt           0x00008aa4        0x0
 .iplt          0x00000000        0x0 build/kitronik_arcade_m4_J/flash_samd51.o

.igot.plt       0x00008aa4        0x0
 .igot.plt      0x00000000        0x0 build/kitronik_arcade_m4_J/flash_samd51.o

.rel.dyn        0x00008aa4        0x0
 .rel.iplt      0x00000000        0x0 build/kitronik_arcade_m4_J/flash_samd51.o

.ARM.exidx
 *(.ARM.exidx* .gnu.linkonce.armexidx.*)
                0x00008aa4                PROVIDE (__exidx_end, .)
                0x00008aa4                . = ALIGN (0x4)
                0x00008aa4                _etext = .

.relocate       0x20000000        0x4 load address 0x00008aa4
                0x20000000                . = ALIGN (0x4)
                0x20000000                _srelocate = .
 *(.ramfunc .ramfunc.*)
 *(.data .data.*)
 .data.led_tick_step
                0x20000000        0x1 build/kitronik_arcade_m4_J/utils.o
                0x20000000                led_tick_step
 .data.limit    0x20000001        0x1 build/kitronik_arcade_m4_J/utils.o
                0x20000004                . = ALIGN (0x4)
 *fill*         0x20000002        0x2 
                0x20000004                _erelocate = .

.bkupram        0x47000000        0x0
                0x47000000                . = ALIGN (0x8)
                0x47000000                _sbkupram = .
 *(.bkupram .bkupram.*)
                0x47000000                . = ALIGN (0x8)
                0x47000000                _ebkupram = .

.qspi           0x04000000        0x0
                0x04000000                . = ALIGN (0x8)
                0x04000000                _sqspi = .
 *(.qspi .qspi.*)
                0x04000000                . = ALIGN (0x8)
                0x04000000                _eqspi = .

.bss            0x20000004      0xb48 load address 0x00008aa8
                0x20000004                . = ALIGN (0x4)
                0x20000004                _sbss = .
                0x20000004                _szero = .
 *(.bss .bss.*)
 .bss.crcCache  0x20000004      0x200 build/kitronik_arcade_m4_J/usart_sam_ba.o
 .bss.now       0x20000204        0x4 build/kitronik_arcade_m4_J/utils.o
 .bss.signal_end
                0x20000208        0x4 build/kitronik_arcade_m4_J/utils.o
 *(COMMON)
 COMMON         0x2000020c      0x840 build/kitronik_arcade_m4_J/flash_samd51.o
                0x2000020c                block_erased
                0x2000024c                row_same
 COMMON         0x20000a4c      0x100 build/kitronik_arcade_m4_J/selfmain.o
                0x20000a4c                pageBuf
                0x20000b4c                . = ALIGN (0x4)
                0x20000b4c                _ebss = .
                0x20000b4c                _ezero = .

.stack          0x20000b4c     0xc004 load address 0x000095f0
                0x20000b50                . = ALIGN (0x8)
 *fill*         0x20000b4c        0x4 
                0x20000b50                _sstack = .
                0x2000cb50                . = (. + STACK_SIZE)
 *fill*         0x20000b50     0xc000 
                0x2000cb50                . = ALIGN (0x8)
                0x2000cb50                _estack = .
                0x2000cb50                . = ALIGN (0x4)
                0x2000cb50                _end = .
OUTPUT(build/kitronik_arcade_m4_J/update-bootloader-kitronik_arcade_m4_J-v3.2.3-2-g25deea9-dirty.elf elf32-littlearm)

.debug_info     0x00000000     0xc803
 .debug_info    0x00000000      0xda2 build/kitronik_arcade_m4_J/flash_samd51.o
 .debug_info    0x00000da2     0x3107 build/kitronik_arcade_m4_J/init_samd51.o
 .debug_info    0x00003ea9      0xb4c build/kitronik_arcade_m4_J/startup_samd51.o
 .debug_info    0x000049f5     0x3eab build/kitronik_arcade_m4_J/usart_sam_ba.o
 .debug_info    0x000088a0     0x1ad5 build/kitronik_arcade_m4_J/screen.o
 .debug_info    0x0000a375      0xe52 build/kitronik_arcade_m4_J/utils.o
 .debug_info    0x0000b1c7     0x1557 build/kitronik_arcade_m4_J/selfmain.o
 .debug_info    0x0000c71e       0xe5 build/kitronik_arcade_m4_J/selfdata.o

.debug_abbrev   0x00000000     0x1595
 .debug_abbrev  0x00000000      0x28b build/kitronik_arcade_m4_J/flash_samd51.o
 .debug_abbrev  0x0000028b      0x224 build/kitronik_arcade_m4_J/init_samd51.o
 .debug_abbrev  0x000004af      0x15e build/kitronik_arcade_m4_J/startup_samd51.o
 .debug_abbrev  0x0000060d      0x483 build/kitronik_arcade_m4_J/usart_sam_ba.o
 .debug_abbrev  0x00000a90      0x45f build/kitronik_arcade_m4_J/screen.o
 .debug_abbrev  0x00000eef      0x33d build/kitronik_arcade_m4_J/utils.o
 .debug_abbrev  0x0000122c      0x2f2 build/kitronik_arcade_m4_J/selfmain.o
 .debug_abbrev  0x0000151e       0x77 build/kitronik_arcade_m4_J/selfdata.o

.debug_loc      0x00000000     0x204b
 .debug_loc     0x00000000      0x43b build/kitronik_arcade_m4_J/flash_samd51.o
 .debug_loc     0x0000043b       0x3e build/kitronik_arcade_m4_J/startup_samd51.o
 .debug_loc     0x00000479      0x98e build/kitronik_arcade_m4_J/usart_sam_ba.o
 .debug_loc     0x00000e07      0xd05 build/kitronik_arcade_m4_J/screen.o
 .debug_loc     0x00001b0c      0x2d3 build/kitronik_arcade_m4_J/utils.o
 .debug_loc     0x00001ddf      0x26c build/kitronik_arcade_m4_J/selfmain.o

.debug_aranges  0x00000000      0x258
 .debug_aranges
                0x00000000       0x40 build/kitronik_arcade_m4_J/flash_samd51.o
 .debug_aranges
                0x00000040       0x28 build/kitronik_arcade_m4_J/init_samd51.o
 .debug_aranges
                0x00000068       0x28 build/kitronik_arcade_m4_J/startup_samd51.o
 .debug_aranges
                0x00000090       0x88 build/kitronik_arcade_m4_J/usart_sam_ba.o
 .debug_aranges
                0x00000118       0x88 build/kitronik_arcade_m4_J/screen.o
 .debug_aranges
                0x000001a0       0x78 build/kitronik_arcade_m4_J/utils.o
 .debug_aranges
                0x00000218       0x28 build/kitronik_arcade_m4_J/selfmain.o
 .debug_aranges
                0x00000240       0x18 build/kitronik_arcade_m4_J/selfdata.o

.debug_ranges   0x00000000      0x578
 .debug_ranges  0x00000000       0x60 build/kitronik_arcade_m4_J/flash_samd51.o
 .debug_ranges  0x00000060       0x60 build/kitronik_arcade_m4_J/init_samd51.o
 .debug_ranges  0x000000c0       0x18 build/kitronik_arcade_m4_J/startup_samd51.o
 .debug_ranges  0x000000d8      0x1e8 build/kitronik_arcade_m4_J/usart_sam_ba.o
 .debug_ranges  0x000002c0      0x178 build/kitronik_arcade_m4_J/screen.o
 .debug_ranges  0x00000438      0x110 build/kitronik_arcade_m4_J/utils.o
 .debug_ranges  0x00000548       0x30 build/kitronik_arcade_m4_J/selfmain.o

.debug_line     0x00000000     0x1436
 .debug_line    0x00000000      0x209 build/kitronik_arcade_m4_J/flash_samd51.o
 .debug_line    0x00000209      0x1fa build/kitronik_arcade_m4_J/init_samd51.o
 .debug_line    0x00000403      0x12a build/kitronik_arcade_m4_J/startup_samd51.o
 .debug_line    0x0000052d      0x448 build/kitronik_arcade_m4_J/usart_sam_ba.o
 .debug_line    0x00000975      0x433 build/kitronik_arcade_m4_J/screen.o
 .debug_line    0x00000da8      0x385 build/kitronik_arcade_m4_J/utils.o
 .debug_line    0x0000112d      0x250 build/kitronik_arcade_m4_J/selfmain.o
 .debug_line    0x0000137d       0xb9 build/kitronik_arcade_m4_J/selfdata.o

.debug_str      0x00000000     0x2e81
 .debug_str     0x00000000      0x4f3 build/kitronik_arcade_m4_J/flash_samd51.o
                                0x576 (size before relaxing)
 .debug_str     0x000004f3     0x10a5 build/kitronik_arcade_m4_J/init_samd51.o
                               0x1580 (size before relaxing)
 .debug_str     0x00001598      0xb05 build/kitronik_arcade_m4_J/startup_samd51.o
                                0xd4b (size before relaxing)
 .debug_str     0x0000209d      0x9eb build/kitronik_arcade_m4_J/usart_sam_ba.o
                               0x1205 (size before relaxing)
 .debug_str     0x00002a88      0x28a build/kitronik_arcade_m4_J/screen.o
                                0x684 (size before relaxing)
 .debug_str     0x00002d12       0xe2 build/kitronik_arcade_m4_J/utils.o
                                0x53b (size before relaxing)
 .debug_str     0x00002df4       0x67 build/kitronik_arcade_m4_J/selfmain.o
                                0x7a3 (size before relaxing)
 .debug_str     0x00002e5b       0x26 build/kitronik_arcade_m4_J/selfdata.o
                                0x1ee (size before relaxing)

.comment        0x00000000       0x70
 .comment       0x00000000       0x70 build/kitronik_arcade_m4_J/flash_samd51.o
                                 0x71 (size before relaxing)
 .comment       0x00000000       0x71 build/kitronik_arcade_m4_J/init_samd51.o
 .comment       0x00000000       0x71 build/kitronik_arcade_m4_J/startup_samd51.o
 .comment       0x00000000       0x71 build/kitronik_arcade_m4_J/usart_sam_ba.o
 .comment       0x00000000       0x71 build/kitronik_arcade_m4_J/screen.o
 .comment       0x00000000       0x71 build/kitronik_arcade_m4_J/utils.o
 .comment       0x00000000       0x71 build/kitronik_arcade_m4_J/selfmain.o
 .comment       0x00000000       0x71 build/kitronik_arcade_m4_J/selfdata.o

.ARM.attributes
                0x00000000       0x33
 .ARM.attributes
                0x00000000       0x33 build/kitronik_arcade_m4_J/flash_samd51.o
 .ARM.attributes
                0x00000033       0x33 build/kitronik_arcade_m4_J/init_samd51.o
 .ARM.attributes
                0x00000066       0x33 build/kitronik_arcade_m4_J/startup_samd51.o
 .ARM.attributes
                0x00000099       0x33 build/kitronik_arcade_m4_J/usart_sam_ba.o
 .ARM.attributes
                0x000000cc       0x33 build/kitronik_arcade_m4_J/screen.o
 .ARM.attributes
                0x000000ff       0x33 build/kitronik_arcade_m4_J/utils.o
 .ARM.attributes
                0x00000132       0x33 build/kitronik_arcade_m4_J/selfmain.o
 .ARM.attributes
                0x00000165       0x33 build/kitronik_arcade_m4_J/selfdata.o
 .ARM.attributes
                0x00000198       0x2e c:/yotta/gcc/bin/../lib/gcc/arm-none-eabi/4.9.3/../../../../arm-none-eabi/lib/armv7e-m\libg_nano.a(lib_a-memcpy.o)

.debug_frame    0x00000000      0x698
 .debug_frame   0x00000000       0xa8 build/kitronik_arcade_m4_J/flash_samd51.o
 .debug_frame   0x000000a8       0x44 build/kitronik_arcade_m4_J/init_samd51.o
 .debug_frame   0x000000ec       0x38 build/kitronik_arcade_m4_J/startup_samd51.o
 .debug_frame   0x00000124      0x1a8 build/kitronik_arcade_m4_J/usart_sam_ba.o
 .debug_frame   0x000002cc      0x1ec build/kitronik_arcade_m4_J/screen.o
 .debug_frame   0x000004b8      0x15c build/kitronik_arcade_m4_J/utils.o
 .debug_frame   0x00000614       0x5c build/kitronik_arcade_m4_J/selfmain.o
 .debug_frame   0x00000670       0x28 c:/yotta/gcc/bin/../lib/gcc/arm-none-eabi/4.9.3/../../../../arm-none-eabi/lib/armv7e-m\libg_nano.a(lib_a-memcpy.o)

Cross Reference Table

Symbol                                            File
AC_Handler                                        build/kitronik_arcade_m4_J/startup_samd51.o
ADC0_0_Handler                                    build/kitronik_arcade_m4_J/startup_samd51.o
ADC0_1_Handler                                    build/kitronik_arcade_m4_J/startup_samd51.o
ADC1_0_Handler                                    build/kitronik_arcade_m4_J/startup_samd51.o
ADC1_1_Handler                                    build/kitronik_arcade_m4_J/startup_samd51.o
AES_Handler                                       build/kitronik_arcade_m4_J/startup_samd51.o
BusFault_Handler                                  build/kitronik_arcade_m4_J/startup_samd51.o
DAC_0_Handler                                     build/kitronik_arcade_m4_J/startup_samd51.o
DAC_1_Handler                                     build/kitronik_arcade_m4_J/startup_samd51.o
DAC_2_Handler                                     build/kitronik_arcade_m4_J/startup_samd51.o
DAC_3_Handler                                     build/kitronik_arcade_m4_J/startup_samd51.o
DAC_4_Handler                                     build/kitronik_arcade_m4_J/startup_samd51.o
DMAC_0_Handler                                    build/kitronik_arcade_m4_J/startup_samd51.o
DMAC_1_Handler                                    build/kitronik_arcade_m4_J/startup_samd51.o
DMAC_2_Handler                                    build/kitronik_arcade_m4_J/startup_samd51.o
DMAC_3_Handler                                    build/kitronik_arcade_m4_J/startup_samd51.o
DMAC_4_Handler                                    build/kitronik_arcade_m4_J/startup_samd51.o
DebugMon_Handler                                  build/kitronik_arcade_m4_J/startup_samd51.o
Dummy_Handler                                     build/kitronik_arcade_m4_J/startup_samd51.o
EIC_0_Handler                                     build/kitronik_arcade_m4_J/startup_samd51.o
EIC_10_Handler                                    build/kitronik_arcade_m4_J/startup_samd51.o
EIC_11_Handler                                    build/kitronik_arcade_m4_J/startup_samd51.o
EIC_12_Handler                                    build/kitronik_arcade_m4_J/startup_samd51.o
EIC_13_Handler                                    build/kitronik_arcade_m4_J/startup_samd51.o
EIC_14_Handler                                    build/kitronik_arcade_m4_J/startup_samd51.o
EIC_15_Handler                                    build/kitronik_arcade_m4_J/startup_samd51.o
EIC_1_Handler                                     build/kitronik_arcade_m4_J/startup_samd51.o
EIC_2_Handler                                     build/kitronik_arcade_m4_J/startup_samd51.o
EIC_3_Handler                                     build/kitronik_arcade_m4_J/startup_samd51.o
EIC_4_Handler                                     build/kitronik_arcade_m4_J/startup_samd51.o
EIC_5_Handler                                     build/kitronik_arcade_m4_J/startup_samd51.o
EIC_6_Handler                                     build/kitronik_arcade_m4_J/startup_samd51.o
EIC_7_Handler                                     build/kitronik_arcade_m4_J/startup_samd51.o
EIC_8_Handler                                     build/kitronik_arcade_m4_J/startup_samd51.o
EIC_9_Handler                                     build/kitronik_arcade_m4_J/startup_samd51.o
EVSYS_0_Handler                                   build/kitronik_arcade_m4_J/startup_samd51.o
EVSYS_1_Handler                                   build/kitronik_arcade_m4_J/startup_samd51.o
EVSYS_2_Handler                                   build/kitronik_arcade_m4_J/startup_samd51.o
EVSYS_3_Handler                                   build/kitronik_arcade_m4_J/startup_samd51.o
EVSYS_4_Handler                                   build/kitronik_arcade_m4_J/startup_samd51.o
FREQM_Handler                                     build/kitronik_arcade_m4_J/startup_samd51.o
HardFault_Handler                                 build/kitronik_arcade_m4_J/startup_samd51.o
I2S_Handler                                       build/kitronik_arcade_m4_J/startup_samd51.o
ICM_Handler                                       build/kitronik_arcade_m4_J/startup_samd51.o
KitronikLogo                                      build/kitronik_arcade_m4_J/images.o
                                                  build/kitronik_arcade_m4_J/screen.o
LargeD                                            build/kitronik_arcade_m4_J/images.o
                                                  build/kitronik_arcade_m4_J/screen.o
LargeFive                                         build/kitronik_arcade_m4_J/images.o
                                                  build/kitronik_arcade_m4_J/screen.o
LargeOne                                          build/kitronik_arcade_m4_J/images.o
                                                  build/kitronik_arcade_m4_J/screen.o
MCLK_Handler                                      build/kitronik_arcade_m4_J/startup_samd51.o
MemManage_Handler                                 build/kitronik_arcade_m4_J/startup_samd51.o
NMI_Handler                                       build/kitronik_arcade_m4_J/startup_samd51.o
NVMCTRL_0_Handler                                 build/kitronik_arcade_m4_J/startup_samd51.o
NVMCTRL_1_Handler                                 build/kitronik_arcade_m4_J/startup_samd51.o
OSC32KCTRL_Handler                                build/kitronik_arcade_m4_J/startup_samd51.o
OSCCTRL_0_Handler                                 build/kitronik_arcade_m4_J/startup_samd51.o
OSCCTRL_1_Handler                                 build/kitronik_arcade_m4_J/startup_samd51.o
OSCCTRL_2_Handler                                 build/kitronik_arcade_m4_J/startup_samd51.o
OSCCTRL_3_Handler                                 build/kitronik_arcade_m4_J/startup_samd51.o
OSCCTRL_4_Handler                                 build/kitronik_arcade_m4_J/startup_samd51.o
PAC_Handler                                       build/kitronik_arcade_m4_J/startup_samd51.o
PCC_Handler                                       build/kitronik_arcade_m4_J/startup_samd51.o
PDEC_0_Handler                                    build/kitronik_arcade_m4_J/startup_samd51.o
PDEC_1_Handler                                    build/kitronik_arcade_m4_J/startup_samd51.o
PDEC_2_Handler                                    build/kitronik_arcade_m4_J/startup_samd51.o
PM_Handler                                        build/kitronik_arcade_m4_J/startup_samd51.o
PUKCC_Handler                                     build/kitronik_arcade_m4_J/startup_samd51.o
PendSV_Handler                                    build/kitronik_arcade_m4_J/startup_samd51.o
QSPI_Handler                                      build/kitronik_arcade_m4_J/startup_samd51.o
RAMECC_Handler                                    build/kitronik_arcade_m4_J/startup_samd51.o
RGBLED_set_color                                  build/kitronik_arcade_m4_J/utils.o
RTC_Handler                                       build/kitronik_arcade_m4_J/startup_samd51.o
Reset_Handler                                     build/kitronik_arcade_m4_J/startup_samd51.o
SDHC0_Handler                                     build/kitronik_arcade_m4_J/startup_samd51.o
SERCOM0_0_Handler                                 build/kitronik_arcade_m4_J/startup_samd51.o
SERCOM0_1_Handler                                 build/kitronik_arcade_m4_J/startup_samd51.o
SERCOM0_2_Handler                                 build/kitronik_arcade_m4_J/startup_samd51.o
SERCOM0_3_Handler                                 build/kitronik_arcade_m4_J/startup_samd51.o
SERCOM1_0_Handler                                 build/kitronik_arcade_m4_J/startup_samd51.o
SERCOM1_1_Handler                                 build/kitronik_arcade_m4_J/startup_samd51.o
SERCOM1_2_Handler                                 build/kitronik_arcade_m4_J/startup_samd51.o
SERCOM1_3_Handler                                 build/kitronik_arcade_m4_J/startup_samd51.o
SERCOM2_0_Handler                                 build/kitronik_arcade_m4_J/startup_samd51.o
SERCOM2_1_Handler                                 build/kitronik_arcade_m4_J/startup_samd51.o
SERCOM2_2_Handler                                 build/kitronik_arcade_m4_J/startup_samd51.o
SERCOM2_3_Handler                                 build/kitronik_arcade_m4_J/startup_samd51.o
SERCOM3_0_Handler                                 build/kitronik_arcade_m4_J/startup_samd51.o
SERCOM3_1_Handler                                 build/kitronik_arcade_m4_J/startup_samd51.o
SERCOM3_2_Handler                                 build/kitronik_arcade_m4_J/startup_samd51.o
SERCOM3_3_Handler                                 build/kitronik_arcade_m4_J/startup_samd51.o
SERCOM4_0_Handler                                 build/kitronik_arcade_m4_J/startup_samd51.o
SERCOM4_1_Handler                                 build/kitronik_arcade_m4_J/startup_samd51.o
SERCOM4_2_Handler                                 build/kitronik_arcade_m4_J/startup_samd51.o
SERCOM4_3_Handler                                 build/kitronik_arcade_m4_J/startup_samd51.o
SERCOM5_0_Handler                                 build/kitronik_arcade_m4_J/startup_samd51.o
SERCOM5_1_Handler                                 build/kitronik_arcade_m4_J/startup_samd51.o
SERCOM5_2_Handler                                 build/kitronik_arcade_m4_J/startup_samd51.o
SERCOM5_3_Handler                                 build/kitronik_arcade_m4_J/startup_samd51.o
SUPC_0_Handler                                    build/kitronik_arcade_m4_J/startup_samd51.o
SUPC_1_Handler                                    build/kitronik_arcade_m4_J/startup_samd51.o
SVC_Handler                                       build/kitronik_arcade_m4_J/startup_samd51.o
SysTick_Handler                                   build/kitronik_arcade_m4_J/init_samd51.o
TAL_0_Handler                                     build/kitronik_arcade_m4_J/startup_samd51.o
TAL_1_Handler                                     build/kitronik_arcade_m4_J/startup_samd51.o
TC0_Handler                                       build/kitronik_arcade_m4_J/startup_samd51.o
TC1_Handler                                       build/kitronik_arcade_m4_J/startup_samd51.o
TC2_Handler                                       build/kitronik_arcade_m4_J/startup_samd51.o
TC3_Handler                                       build/kitronik_arcade_m4_J/startup_samd51.o
TC4_Handler                                       build/kitronik_arcade_m4_J/startup_samd51.o
TC5_Handler                                       build/kitronik_arcade_m4_J/startup_samd51.o
TCC0_0_Handler                                    build/kitronik_arcade_m4_J/startup_samd51.o
TCC0_1_Handler                                    build/kitronik_arcade_m4_J/startup_samd51.o
TCC0_2_Handler                                    build/kitronik_arcade_m4_J/startup_samd51.o
TCC0_3_Handler                                    build/kitronik_arcade_m4_J/startup_samd51.o
TCC0_4_Handler                                    build/kitronik_arcade_m4_J/startup_samd51.o
TCC0_5_Handler                                    build/kitronik_arcade_m4_J/startup_samd51.o
TCC0_6_Handler                                    build/kitronik_arcade_m4_J/startup_samd51.o
TCC1_0_Handler                                    build/kitronik_arcade_m4_J/startup_samd51.o
TCC1_1_Handler                                    build/kitronik_arcade_m4_J/startup_samd51.o
TCC1_2_Handler                                    build/kitronik_arcade_m4_J/startup_samd51.o
TCC1_3_Handler                                    build/kitronik_arcade_m4_J/startup_samd51.o
TCC1_4_Handler                                    build/kitronik_arcade_m4_J/startup_samd51.o
TCC2_0_Handler                                    build/kitronik_arcade_m4_J/startup_samd51.o
TCC2_1_Handler                                    build/kitronik_arcade_m4_J/startup_samd51.o
TCC2_2_Handler                                    build/kitronik_arcade_m4_J/startup_samd51.o
TCC2_3_Handler                                    build/kitronik_arcade_m4_J/startup_samd51.o
TCC3_0_Handler                                    build/kitronik_arcade_m4_J/startup_samd51.o
TCC3_1_Handler                                    build/kitronik_arcade_m4_J/startup_samd51.o
TCC3_2_Handler                                    build/kitronik_arcade_m4_J/startup_samd51.o
TCC4_0_Handler                                    build/kitronik_arcade_m4_J/startup_samd51.o
TCC4_1_Handler                                    build/kitronik_arcade_m4_J/startup_samd51.o
TCC4_2_Handler                                    build/kitronik_arcade_m4_J/startup_samd51.o
TRNG_Handler                                      build/kitronik_arcade_m4_J/startup_samd51.o
USB_0_Handler                                     build/kitronik_arcade_m4_J/startup_samd51.o
USB_1_Handler                                     build/kitronik_arcade_m4_J/startup_samd51.o
USB_2_Handler                                     build/kitronik_arcade_m4_J/startup_samd51.o
USB_3_Handler                                     build/kitronik_arcade_m4_J/startup_samd51.o
UsageFault_Handler                                build/kitronik_arcade_m4_J/startup_samd51.o
WDT_Handler                                       build/kitronik_arcade_m4_J/startup_samd51.o
_erelocate                                        build/kitronik_arcade_m4_J/startup_samd51.o
_estack                                           build/kitronik_arcade_m4_J/startup_samd51.o
_etext                                            build/kitronik_arcade_m4_J/startup_samd51.o
_ezero                                            build/kitronik_arcade_m4_J/startup_samd51.o
_sfixed                                           build/kitronik_arcade_m4_J/startup_samd51.o
_srelocate                                        build/kitronik_arcade_m4_J/startup_samd51.o
_szero                                            build/kitronik_arcade_m4_J/startup_samd51.o
add_crc                                           build/kitronik_arcade_m4_J/usart_sam_ba.o
                                                  build/kitronik_arcade_m4_J/selfmain.o
arrowLogo                                         build/kitronik_arcade_m4_J/images.o
                                                  build/kitronik_arcade_m4_J/screen.o
b_sharp_received                                  build/kitronik_arcade_m4_J/usart_sam_ba.o
block_erased                                      build/kitronik_arcade_m4_J/flash_samd51.o
bootloader                                        build/kitronik_arcade_m4_J/selfdata.o
                                                  build/kitronik_arcade_m4_J/selfmain.o
bootloader_crcs                                   build/kitronik_arcade_m4_J/selfdata.o
                                                  build/kitronik_arcade_m4_J/selfmain.o
buffer_rx_usart                                   build/kitronik_arcade_m4_J/usart_sam_ba.o
buffer_tx_usart                                   build/kitronik_arcade_m4_J/usart_sam_ba.o
copy_words                                        build/kitronik_arcade_m4_J/flash_samd51.o
delay                                             build/kitronik_arcade_m4_J/utils.o
                                                  build/kitronik_arcade_m4_J/selfmain.o
drawBar                                           build/kitronik_arcade_m4_J/screen.o
draw_drag                                         build/kitronik_arcade_m4_J/screen.o
draw_hf2                                          build/kitronik_arcade_m4_J/screen.o
draw_screen                                       build/kitronik_arcade_m4_J/screen.o
error_timeout                                     build/kitronik_arcade_m4_J/usart_sam_ba.o
exception_table                                   build/kitronik_arcade_m4_J/startup_samd51.o
fb                                                build/kitronik_arcade_m4_J/screen.o
fileLogo                                          build/kitronik_arcade_m4_J/images.o
                                                  build/kitronik_arcade_m4_J/screen.o
flash_erase_block                                 build/kitronik_arcade_m4_J/flash_samd51.o
flash_erase_to_end                                build/kitronik_arcade_m4_J/flash_samd51.o
flash_write_row                                   build/kitronik_arcade_m4_J/flash_samd51.o
                                                  build/kitronik_arcade_m4_J/selfmain.o
flash_write_words                                 build/kitronik_arcade_m4_J/flash_samd51.o
                                                  build/kitronik_arcade_m4_J/selfmain.o
font8                                             build/kitronik_arcade_m4_J/images.o
                                                  build/kitronik_arcade_m4_J/screen.o
getPacket                                         build/kitronik_arcade_m4_J/usart_sam_ba.o
idx_rx_read                                       build/kitronik_arcade_m4_J/usart_sam_ba.o
idx_rx_write                                      build/kitronik_arcade_m4_J/usart_sam_ba.o
idx_tx_read                                       build/kitronik_arcade_m4_J/usart_sam_ba.o
idx_tx_write                                      build/kitronik_arcade_m4_J/usart_sam_ba.o
led_init                                          build/kitronik_arcade_m4_J/utils.o
                                                  build/kitronik_arcade_m4_J/selfmain.o
led_signal                                        build/kitronik_arcade_m4_J/utils.o
led_tick                                          build/kitronik_arcade_m4_J/utils.o
                                                  build/kitronik_arcade_m4_J/init_samd51.o
led_tick_step                                     build/kitronik_arcade_m4_J/utils.o
lookupCfg                                         build/kitronik_arcade_m4_J/screen.o
main                                              build/kitronik_arcade_m4_J/selfmain.o
                                                  build/kitronik_arcade_m4_J/startup_samd51.o
memcpy                                            c:/yotta/gcc/bin/../lib/gcc/arm-none-eabi/4.9.3/../../../../arm-none-eabi/lib/armv7e-m\libg_nano.a(lib_a-memcpy.o)
                                                  build/kitronik_arcade_m4_J/selfmain.o
                                                  build/kitronik_arcade_m4_J/screen.o
                                                  build/kitronik_arcade_m4_J/flash_samd51.o
memset                                            c:/yotta/gcc/bin/../lib/gcc/arm-none-eabi/4.9.3/../../../../arm-none-eabi/lib/armv7e-m\libg_nano.a(lib_a-memset.o)
                                                  build/kitronik_arcade_m4_J/screen.o
mode_of_transfer                                  build/kitronik_arcade_m4_J/usart_sam_ba.o
pageBuf                                           build/kitronik_arcade_m4_J/selfmain.o
palette                                           build/kitronik_arcade_m4_J/screen.o
panic                                             build/kitronik_arcade_m4_J/utils.o
                                                  build/kitronik_arcade_m4_J/selfmain.o
                                                  build/kitronik_arcade_m4_J/screen.o
pendriveLogo                                      build/kitronik_arcade_m4_J/images.o
                                                  build/kitronik_arcade_m4_J/screen.o
pin_set                                           build/kitronik_arcade_m4_J/screen.o
print                                             build/kitronik_arcade_m4_J/screen.o
print4                                            build/kitronik_arcade_m4_J/screen.o
printicon                                         build/kitronik_arcade_m4_J/screen.o
resetHorizon                                      build/kitronik_arcade_m4_J/utils.o
resetIntoApp                                      build/kitronik_arcade_m4_J/utils.o
                                                  build/kitronik_arcade_m4_J/selfmain.o
resetIntoBootloader                               build/kitronik_arcade_m4_J/utils.o
                                                  build/kitronik_arcade_m4_J/selfmain.o
row_same                                          build/kitronik_arcade_m4_J/flash_samd51.o
screen_early_init                                 build/kitronik_arcade_m4_J/screen.o
                                                  build/kitronik_arcade_m4_J/utils.o
screen_init                                       build/kitronik_arcade_m4_J/screen.o
setBootProt                                       build/kitronik_arcade_m4_J/selfmain.o
setup_output_pin                                  build/kitronik_arcade_m4_J/screen.o
size_of_data                                      build/kitronik_arcade_m4_J/usart_sam_ba.o
system_init                                       build/kitronik_arcade_m4_J/init_samd51.o
                                                  build/kitronik_arcade_m4_J/selfmain.o
timerHigh                                         build/kitronik_arcade_m4_J/utils.o
timerTick                                         build/kitronik_arcade_m4_J/utils.o
transfer                                          build/kitronik_arcade_m4_J/screen.o
uart_basic_init                                   build/kitronik_arcade_m4_J/usart_sam_ba.o
uart_disable                                      build/kitronik_arcade_m4_J/usart_sam_ba.o
uart_read_byte                                    build/kitronik_arcade_m4_J/usart_sam_ba.o
uart_write_byte                                   build/kitronik_arcade_m4_J/usart_sam_ba.o
usart_close                                       build/kitronik_arcade_m4_J/usart_sam_ba.o
usart_getc                                        build/kitronik_arcade_m4_J/usart_sam_ba.o
usart_getdata                                     build/kitronik_arcade_m4_J/usart_sam_ba.o
usart_getdata_xmd                                 build/kitronik_arcade_m4_J/usart_sam_ba.o
usart_is_rx_ready                                 build/kitronik_arcade_m4_J/usart_sam_ba.o
usart_open                                        build/kitronik_arcade_m4_J/usart_sam_ba.o
usart_putc                                        build/kitronik_arcade_m4_J/usart_sam_ba.o
usart_putdata                                     build/kitronik_arcade_m4_J/usart_sam_ba.o
usart_putdata_xmd                                 build/kitronik_arcade_m4_J/usart_sam_ba.o
usart_readc                                       build/kitronik_arcade_m4_J/usart_sam_ba.o
usart_sharp_received                              build/kitronik_arcade_m4_J/usart_sam_ba.o
writeNum                                          build/kitronik_arcade_m4_J/utils.o
write_apa_byte                                    build/kitronik_arcade_m4_J/utils.o
